// Jest Snapshot v1, https://goo.gl/fbAQLP

exports[`App should render correctly 1`] = `
<div
  className="appNotMounted"
>
  <h2>
    Hello, world
  </h2>
</div>
`;
